[mixdesign.club/themeforest/braxton/index-gradient.html]
[backblue.gif]
[fade.gif]
[index.html]
[mixdesign.club/themeforest/braxton/img/favicon/favicon.ico]
[mixdesign.club/themeforest/braxton/img/favicon/apple-touch-icon.png]
[mixdesign.club/themeforest/braxton/img/favicon/manifest.webmanifest]
[mixdesign.club/themeforest/braxton/css/loaders/loader.css]
[mixdesign.club/themeforest/braxton/css/plugins.css]
[mixdesign.club/themeforest/braxton/css/main.css]
[mixdesign.club/themeforest/braxton/img/avatars/1024x1024_a02.webp]
[mixdesign.club/themeforest/braxton/img/works/1400x1400_w01.webp]
[mixdesign.club/themeforest/braxton/img/works/800_w01-thumb.webp]
[mixdesign.club/themeforest/braxton/img/works/1400x1400_w02.webp]
[mixdesign.club/themeforest/braxton/img/works/800_w02-thumb.webp]
[mixdesign.club/themeforest/braxton/img/works/1400x1400_w03.webp]
[mixdesign.club/themeforest/braxton/img/works/800_w03-thumb.webp]
[mixdesign.club/themeforest/braxton/img/works/1400x1400_w04.webp]
[mixdesign.club/themeforest/braxton/img/works/800_w04-thumb.webp]
[mixdesign.club/themeforest/braxton/img/services/1200x900_s01.webp]
[mixdesign.club/themeforest/braxton/img/services/1200x900_s02.webp]
[mixdesign.club/themeforest/braxton/img/services/1200x900_s03.webp]
[mixdesign.club/themeforest/braxton/img/services/1200x900_s04.webp]
[mixdesign.club/themeforest/braxton/img/icons/icon-photoshop.svg]
[mixdesign.club/themeforest/braxton/img/icons/icon-figma.svg]
[mixdesign.club/themeforest/braxton/img/icons/icon-illustrator.svg]
[mixdesign.club/themeforest/braxton/img/icons/icon-scketch.svg]
[mixdesign.club/themeforest/braxton/img/icons/icon-blender.svg]
[mixdesign.club/themeforest/braxton/img/icons/icon-html.svg]
[mixdesign.club/themeforest/braxton/img/icons/icon-css.svg]
[mixdesign.club/themeforest/braxton/img/icons/icon-notion.svg]
[mixdesign.club/themeforest/braxton/img/avatars/400x400_t01.webp]
[mixdesign.club/themeforest/braxton/img/avatars/400x400_t02.webp]
[mixdesign.club/themeforest/braxton/js/libs.min.js]
[mixdesign.club/themeforest/braxton/js/app.js]
[mixdesign.club/themeforest/braxton/index-gradient.html]
[mixdesign.club/themeforest/braxton/js/gallery-init.js]
[mixdesign.club/themeforest/braxton/img/favicon/icon.svg]
[mixdesign.club/themeforest/braxton/img/favicon/og-image.html]
[mixdesign.club/themeforest/braxton/css/loaders/loader.css]
[mixdesign.club/themeforest/braxton/fonts/Phosphor/Phosphor-Bold.woff2]
[mixdesign.club/themeforest/braxton/fonts/Phosphor/Phosphor-Bold.woff]
[mixdesign.club/themeforest/braxton/fonts/Phosphor/Phosphor-Bold.ttf]
[mixdesign.club/themeforest/braxton/fonts/Phosphor/Phosphor-Duotone.woff2]
[mixdesign.club/themeforest/braxton/fonts/Phosphor/Phosphor-Duotone.woff]
[mixdesign.club/themeforest/braxton/fonts/Phosphor/Phosphor-Bold.svg]
[mixdesign.club/themeforest/braxton/fonts/Phosphor/Phosphor-Duotone.ttf]
[mixdesign.club/themeforest/braxton/fonts/Phosphor/Phosphor-Duotone.svg]
[mixdesign.club/themeforest/braxton/fonts/Phosphor/Phosphor-Fill.woff2]
[mixdesign.club/themeforest/braxton/fonts/Phosphor/Phosphor-Fill.woff]
[mixdesign.club/themeforest/braxton/fonts/Phosphor/Phosphor-Fill.ttf]
[mixdesign.club/themeforest/braxton/fonts/Phosphor/Phosphor-Light.woff2]
[mixdesign.club/themeforest/braxton/fonts/Phosphor/Phosphor-Fill.svg]
[mixdesign.club/themeforest/braxton/fonts/Phosphor/Phosphor-Light.woff]
[mixdesign.club/themeforest/braxton/fonts/Phosphor/Phosphor-Light.ttf]
[mixdesign.club/themeforest/braxton/fonts/Phosphor/Phosphor-Light.svg]
[mixdesign.club/themeforest/braxton/fonts/Phosphor/Phosphor.woff2]
[mixdesign.club/themeforest/braxton/fonts/Phosphor/Phosphor.woff]
[mixdesign.club/themeforest/braxton/fonts/Phosphor/Phosphor.ttf]
[mixdesign.club/themeforest/braxton/fonts/Phosphor/Phosphor.svg]
[mixdesign.club/themeforest/braxton/fonts/Phosphor/Phosphor-Thin.woff2]
[mixdesign.club/themeforest/braxton/fonts/Phosphor/Phosphor-Thin.woff]
[mixdesign.club/themeforest/braxton/fonts/Phosphor/Phosphor-Thin.ttf]
[mixdesign.club/themeforest/braxton/fonts/Phosphor/Phosphor-Thin.svg]
[mixdesign.club/themeforest/braxton/fonts/Fontawesome/fa-solid-900.woff2]
[mixdesign.club/themeforest/braxton/fonts/Fontawesome/fa-solid-900.ttf]
[mixdesign.club/themeforest/braxton/fonts/Fontawesome/fa-regular-400.woff2]
[mixdesign.club/themeforest/braxton/fonts/Fontawesome/fa-regular-400.ttf]
[mixdesign.club/themeforest/braxton/fonts/Fontawesome/fa-brands-400.woff2]
[mixdesign.club/themeforest/braxton/fonts/Fontawesome/fa-brands-400.ttf]
[mixdesign.club/themeforest/braxton/img/default-skin.png]
[mixdesign.club/themeforest/braxton/img/default-skin.svg]
[mixdesign.club/themeforest/braxton/css/plugins.css]
[mixdesign.club/themeforest/braxton/img/backgrounds/1920x1080-main-bg.webp]
[mixdesign.club/themeforest/braxton/css/main.css]
[mixdesign.club/themeforest/braxton/img/icons/icon-photoshop.svg]
[mixdesign.club/themeforest/braxton/img/icons/icon-figma.svg]
[mixdesign.club/themeforest/braxton/img/icons/icon-illustrator.svg]
[mixdesign.club/themeforest/braxton/img/icons/icon-scketch.svg]
[mixdesign.club/themeforest/braxton/img/icons/icon-blender.svg]
[mixdesign.club/themeforest/braxton/img/icons/icon-html.svg]
[mixdesign.club/themeforest/braxton/img/icons/icon-css.svg]
[mixdesign.club/themeforest/braxton/img/icons/icon-notion.svg]
[mixdesign.club/themeforest/braxton/fonts/Phosphor/Phosphor-Bold.svg]
[mixdesign.club/themeforest/braxton/fonts/Phosphor/Phosphor-Duotone.svg]
[mixdesign.club/themeforest/braxton/fonts/Phosphor/Phosphor-Fill.svg]
[mixdesign.club/themeforest/braxton/fonts/Phosphor/Phosphor-Light.svg]
[mixdesign.club/themeforest/braxton/fonts/Phosphor/Phosphor.svg]
[mixdesign.club/themeforest/braxton/fonts/Phosphor/Phosphor-Thin.svg]
[mixdesign.club/themeforest/braxton/img/default-skin.svg]
[mixdesign.club/themeforest/braxton/img/preloader.html]
